// Jest Snapshot v1, https://goo.gl/fbAQLP

exports[`<HistoricRatesItem /> renders the HistoricRatesItem component correctly 1`] = `
<View
  style={
    Object {
      "flexDirection": "row",
    }
  }
>
  <View
    style={
      Object {
        "width": "30%",
      }
    }
  >
    <Text
      accessible={true}
      allowFontScaling={true}
      ellipsizeMode="tail"
      style={
        Object {
          "color": "yellow",
          "fontFamily": "OpenSans-Italic",
        }
      }
    >
      Thu, Jun 7
    </Text>
  </View>
  <View
    style={
      Object {
        "marginBottom": 10,
        "width": "20%",
      }
    }
  >
    <View
      style={
        Object {
          "alignItems": "center",
          "flexDirection": "row",
        }
      }
    >
      <Image
        source={
          Object {
            "testUri": "../../../src/assets/img/usd.png",
          }
        }
        style={
          Object {
            "height": 10,
            "marginRight": 5,
            "width": 20,
          }
        }
      />
      <Text
        accessible={true}
        allowFontScaling={true}
        ellipsizeMode="tail"
        style={
          Object {
            "color": "white",
            "fontFamily": "OpenSans-Regular",
            "marginBottom": 5,
          }
        }
      >
        USD
      </Text>
    </View>
    <View
      style={
        Object {
          "alignItems": "center",
          "flexDirection": "row",
        }
      }
    >
      <Image
        source={
          Object {
            "testUri": "../../../src/assets/img/eur.png",
          }
        }
        style={
          Object {
            "height": 10,
            "marginRight": 5,
            "width": 20,
          }
        }
      />
      <Text
        accessible={true}
        allowFontScaling={true}
        ellipsizeMode="tail"
        style={
          Object {
            "color": "white",
            "fontFamily": "OpenSans-Regular",
            "marginBottom": 5,
          }
        }
      >
        EUR
      </Text>
    </View>
  </View>
  <View
    style={
      Object {
        "alignItems": "center",
        "marginBottom": 10,
        "width": "25%",
      }
    }
  >
    <Text
      accessible={true}
      allowFontScaling={true}
      ellipsizeMode="tail"
      style={
        Object {
          "color": "white",
          "fontFamily": "OpenSans-Regular",
          "marginBottom": 5,
        }
      }
    >
      330
    </Text>
    <Text
      accessible={true}
      allowFontScaling={true}
      ellipsizeMode="tail"
      style={
        Object {
          "color": "white",
          "fontFamily": "OpenSans-Regular",
          "marginBottom": 5,
        }
      }
    >
      415
    </Text>
  </View>
  <View
    style={
      Object {
        "alignItems": "center",
        "marginBottom": 10,
        "width": "25%",
      }
    }
  >
    <Text
      accessible={true}
      allowFontScaling={true}
      ellipsizeMode="tail"
      style={
        Object {
          "color": "white",
          "fontFamily": "OpenSans-Regular",
          "marginBottom": 5,
        }
      }
    >
      347
    </Text>
    <Text
      accessible={true}
      allowFontScaling={true}
      ellipsizeMode="tail"
      style={
        Object {
          "color": "white",
          "fontFamily": "OpenSans-Regular",
          "marginBottom": 5,
        }
      }
    >
      418
    </Text>
  </View>
</View>
`;
