// Jest Snapshot v1, https://goo.gl/fbAQLP

exports[`<RatesDisplayItem /> renders the RatesDisplayItem component correctly 1`] = `
<View
  style={
    Object {
      "alignItems": "center",
      "flexDirection": "row",
      "justifyContent": "center",
      "marginTop": 150,
    }
  }
>
  <Text
    accessible={true}
    allowFontScaling={true}
    ellipsizeMode="tail"
    style={
      Object {
        "color": "white",
        "fontSize": 18,
      }
    }
  >
    No rates available for this location
  </Text>
</View>
`;
