// Jest Snapshot v1, https://goo.gl/fbAQLP

exports[`<Rates /> renders the Rates component correctly 1`] = `
<View
  style={
    Object {
      "height": "100%",
      "width": "100%",
    }
  }
>
  <Image
    source={
      Object {
        "testUri": "../../../src/assets/img/backgd.png",
      }
    }
    style={
      Array [
        Object {
          "bottom": 0,
          "left": 0,
          "position": "absolute",
          "right": 0,
          "top": 0,
        },
        Object {
          "height": "100%",
          "width": "100%",
        },
        undefined,
      ]
    }
  />
  <View
    style={
      Object {
        "paddingLeft": 8,
        "paddingRight": 8,
      }
    }
  >
    <View
      style={
        Object {
          "flexDirection": "row",
          "justifyContent": "flex-end",
        }
      }
    >
      <View
        style={
          Object {
            "alignItems": "center",
            "backgroundColor": "white",
            "borderRadius": 20,
            "borderWidth": 1,
            "height": 50,
            "justifyContent": "center",
            "marginRight": 10,
            "marginTop": 10,
            "width": 50,
          }
        }
      >
        <Image
          source={
            Object {
              "testUri": "../../../src/assets/img/converter.png",
            }
          }
          style={
            Object {
              "height": 33,
              "width": 25,
            }
          }
        />
      </View>
    </View>
    <View
      style={
        Object {
          "height": "20%",
        }
      }
    >
      <Text
        accessible={true}
        allowFontScaling={true}
        ellipsizeMode="tail"
        style={
          Object {
            "color": "white",
            "fontFamily": "OpenSans-SemiBold",
            "fontSize": 18,
            "marginTop": 8,
          }
        }
      >
        Bureau De Change FX Rates by Location
      </Text>
      <Text
        accessible={true}
        allowFontScaling={true}
        ellipsizeMode="tail"
        style={
          Object {
            "color": "#9fa99d",
            "fontFamily": "OpenSans-Regular",
            "fontSize": 14,
            "marginTop": 3,
          }
        }
      >
        Rates are updated 3 times daily by BDCs in these locations.
      </Text>
      <Text
        accessible={true}
        allowFontScaling={true}
        ellipsizeMode="tail"
        style={
          Object {
            "color": "white",
            "fontFamily": "OpenSans-Regular",
            "marginTop": 13,
          }
        }
      >
        Rate colour indicator:
      </Text>
      <View
        style={
          Array [
            Object {
              "flexDirection": "row",
            },
            Object {
              "justifyContent": "space-between",
              "marginTop": 6,
              "paddingLeft": 18,
              "paddingRight": 18,
            },
          ]
        }
      >
        <View
          style={
            Object {
              "flexDirection": "row",
            }
          }
        >
          <View
            style={
              Array [
                Object {
                  "borderRadius": 4,
                  "height": 14,
                  "marginTop": 2,
                  "width": 14,
                },
                Object {
                  "backgroundColor": "#006FFF",
                },
              ]
            }
          />
          <Text
            accessible={true}
            allowFontScaling={true}
            ellipsizeMode="tail"
            style={
              Object {
                "color": "white",
                "fontFamily": "OpenSans-Italic",
                "fontSize": 14,
                "marginLeft": 4,
              }
            }
          >
            Morning
          </Text>
        </View>
        <View
          style={
            Object {
              "flexDirection": "row",
            }
          }
        >
          <View
            style={
              Array [
                Object {
                  "borderRadius": 4,
                  "height": 14,
                  "marginTop": 2,
                  "width": 14,
                },
                Object {
                  "backgroundColor": "#FF9E3D",
                },
              ]
            }
          />
          <Text
            accessible={true}
            allowFontScaling={true}
            ellipsizeMode="tail"
            style={
              Object {
                "color": "white",
                "fontFamily": "OpenSans-Italic",
                "fontSize": 14,
                "marginLeft": 4,
              }
            }
          >
            Afternoon
          </Text>
        </View>
        <View
          style={
            Object {
              "flexDirection": "row",
            }
          }
        >
          <View
            style={
              Array [
                Object {
                  "borderRadius": 4,
                  "height": 14,
                  "marginTop": 2,
                  "width": 14,
                },
                Object {
                  "backgroundColor": "#FF0000",
                },
              ]
            }
          />
          <Text
            accessible={true}
            allowFontScaling={true}
            ellipsizeMode="tail"
            style={
              Object {
                "color": "white",
                "fontFamily": "OpenSans-Italic",
                "fontSize": 14,
                "marginLeft": 4,
              }
            }
          >
            Evening
          </Text>
        </View>
      </View>
    </View>
  </View>
  <View
    style={
      Object {
        "height": "100%",
        "width": "100%",
      }
    }
  >
    <Image
      resizeMode="cover"
      source={
        Object {
          "testUri": "../../../src/assets/img/tab.png",
        }
      }
      style={
        Array [
          Object {
            "bottom": 0,
            "left": 0,
            "position": "absolute",
            "right": 0,
            "top": 0,
          },
          Object {
            "height": "100%",
            "width": "100%",
          },
          undefined,
        ]
      }
    />
    <View
      loaded={
        Array [
          0,
        ]
      }
      onLayout={[Function]}
      style={
        Array [
          Object {
            "flex": 1,
            "overflow": "hidden",
          },
          Object {
            "flex": 1,
          },
        ]
      }
    >
      <View
        collapsable={undefined}
        onMoveShouldSetResponder={[Function]}
        onMoveShouldSetResponderCapture={[Function]}
        onResponderEnd={[Function]}
        onResponderGrant={[Function]}
        onResponderMove={[Function]}
        onResponderReject={[Function]}
        onResponderRelease={[Function]}
        onResponderStart={[Function]}
        onResponderTerminate={[Function]}
        onResponderTerminationRequest={[Function]}
        onStartShouldSetResponder={[Function]}
        onStartShouldSetResponderCapture={[Function]}
        style={
          Object {
            "alignItems": "stretch",
            "flex": 1,
            "flexDirection": "row",
          }
        }
      >
        <View
          style={
            Object {
              "bottom": 0,
              "left": 0,
              "position": "absolute",
              "right": 0,
              "top": 0,
            }
          }
          testID={undefined}
        >
          <View
            collapsable={false}
            removeClippedSubviews={false}
            style={
              Object {
                "flex": 1,
                "overflow": "hidden",
              }
            }
          >
            <View
              style={
                Object {
                  "flex": 1,
                }
              }
            >
              <View>
                <View
                  style={
                    Array [
                      Object {
                        "flexDirection": "row",
                      },
                      Object {
                        "justifyContent": "space-between",
                        "marginTop": 6,
                        "paddingLeft": 18,
                        "paddingRight": 18,
                      },
                    ]
                  }
                >
                  <View
                    style={
                      Object {
                        "flexDirection": "row",
                      }
                    }
                  >
                    <Text
                      accessible={true}
                      allowFontScaling={true}
                      ellipsizeMode="tail"
                      style={
                        Object {
                          "color": "white",
                          "fontFamily": "OpenSans-Italic",
                          "fontSize": 14,
                          "marginLeft": 4,
                        }
                      }
                    >
                      Wed, 29th April
                    </Text>
                  </View>
                  <View
                    style={
                      Object {
                        "flexDirection": "row",
                      }
                    }
                  >
                    <Text
                      accessible={true}
                      allowFontScaling={true}
                      ellipsizeMode="tail"
                      style={
                        Object {
                          "color": "white",
                          "fontFamily": "OpenSans-Italic",
                          "fontSize": 14,
                          "marginLeft": 4,
                        }
                      }
                    >
                      Currency
                    </Text>
                  </View>
                  <View
                    style={
                      Object {
                        "flexDirection": "row",
                      }
                    }
                  >
                    <View
                      style={
                        Array [
                          Object {
                            "borderRadius": 4,
                            "height": 14,
                            "marginTop": 2,
                            "width": 14,
                          },
                          Object {
                            "backgroundColor": "#FF9E3D",
                          },
                        ]
                      }
                    />
                    <Text
                      accessible={true}
                      allowFontScaling={true}
                      ellipsizeMode="tail"
                      style={
                        Object {
                          "color": "white",
                          "fontFamily": "OpenSans-Italic",
                          "fontSize": 14,
                          "marginLeft": 4,
                        }
                      }
                    >
                      Buy Range
                    </Text>
                  </View>
                  <View
                    style={
                      Object {
                        "flexDirection": "row",
                      }
                    }
                  >
                    <View
                      style={
                        Array [
                          Object {
                            "borderRadius": 4,
                            "height": 14,
                            "marginTop": 2,
                            "width": 14,
                          },
                          Object {
                            "backgroundColor": "#FF0000",
                          },
                        ]
                      }
                    />
                    <Text
                      accessible={true}
                      allowFontScaling={true}
                      ellipsizeMode="tail"
                      style={
                        Object {
                          "color": "white",
                          "fontFamily": "OpenSans-Italic",
                          "fontSize": 14,
                          "marginLeft": 4,
                        }
                      }
                    >
                      Sell Range
                    </Text>
                  </View>
                </View>
                <Text
                  accessible={true}
                  allowFontScaling={true}
                  ellipsizeMode="tail"
                >
                  Hello from the other side
                </Text>
              </View>
            </View>
          </View>
        </View>
        <View
          style={null}
          testID={undefined}
        />
        <View
          style={null}
          testID={undefined}
        />
      </View>
      <View
        collapsable={undefined}
        style={undefined}
      >
        <View
          collapsable={undefined}
          onLayout={[Function]}
          pointerEvents="box-none"
          style={
            Object {
              "backgroundColor": "transparent",
              "borderBottomColor": "white",
              "borderBottomWidth": 0.5,
              "borderTopColor": "rgba(0, 0, 0, .3)",
              "borderTopWidth": 0.5,
              "flexDirection": "row",
              "height": 60,
              "paddingBottom": 6,
              "paddingLeft": 0,
              "paddingRight": 0,
              "paddingTop": 6,
            }
          }
        >
          <View
            accessibilityComponentType={undefined}
            accessibilityLabel={undefined}
            accessibilityTraits={undefined}
            accessible={true}
            collapsable={undefined}
            hitSlop={undefined}
            nativeID={undefined}
            onLayout={undefined}
            onResponderGrant={[Function]}
            onResponderMove={[Function]}
            onResponderRelease={[Function]}
            onResponderTerminate={[Function]}
            onResponderTerminationRequest={[Function]}
            onStartShouldSetResponder={[Function]}
            style={
              Object {
                "alignItems": "center",
                "backgroundColor": "rgba(0, 0, 0, 0)",
                "flex": 1,
              }
            }
            testID={undefined}
          >
            <View
              style={
                Array [
                  Object {
                    "alignItems": "center",
                    "flex": 1,
                  },
                  Object {
                    "flexDirection": "column",
                    "justifyContent": "flex-end",
                  },
                  Object {
                    "justifyContent": "center",
                    "margin": 0,
                  },
                ]
              }
            >
              <View
                style={
                  Array [
                    Object {
                      "height": 29,
                    },
                    false,
                    Object {
                      "flex": 1,
                    },
                  ]
                }
              >
                <View
                  collapsable={undefined}
                  style={
                    Object {
                      "alignItems": "center",
                      "alignSelf": "center",
                      "height": "100%",
                      "justifyContent": "center",
                      "minWidth": 30,
                      "opacity": 1,
                      "position": "absolute",
                      "width": "100%",
                    }
                  }
                />
                <View
                  collapsable={undefined}
                  style={
                    Object {
                      "alignItems": "center",
                      "alignSelf": "center",
                      "height": "100%",
                      "justifyContent": "center",
                      "minWidth": 30,
                      "opacity": 0,
                      "position": "absolute",
                      "width": "100%",
                    }
                  }
                />
              </View>
              <Text
                accessible={true}
                allowFontScaling={true}
                collapsable={undefined}
                ellipsizeMode="tail"
                numberOfLines={1}
                style={
                  Object {
                    "backgroundColor": "transparent",
                    "color": "rgba(52, 120, 246, 1)",
                    "fontFamily": "montserrat",
                    "fontSize": 13,
                    "marginBottom": 1.5,
                    "textAlign": "center",
                  }
                }
              >
                Lagos
              </Text>
            </View>
          </View>
          <View
            accessibilityComponentType={undefined}
            accessibilityLabel={undefined}
            accessibilityTraits={undefined}
            accessible={true}
            collapsable={undefined}
            hitSlop={undefined}
            nativeID={undefined}
            onLayout={undefined}
            onResponderGrant={[Function]}
            onResponderMove={[Function]}
            onResponderRelease={[Function]}
            onResponderTerminate={[Function]}
            onResponderTerminationRequest={[Function]}
            onStartShouldSetResponder={[Function]}
            style={
              Object {
                "alignItems": "center",
                "backgroundColor": "rgba(0, 0, 0, 0)",
                "flex": 1,
              }
            }
            testID={undefined}
          >
            <View
              style={
                Array [
                  Object {
                    "alignItems": "center",
                    "flex": 1,
                  },
                  Object {
                    "flexDirection": "column",
                    "justifyContent": "flex-end",
                  },
                  Object {
                    "justifyContent": "center",
                    "margin": 0,
                  },
                ]
              }
            >
              <View
                style={
                  Array [
                    Object {
                      "height": 29,
                    },
                    false,
                    Object {
                      "flex": 1,
                    },
                  ]
                }
              >
                <View
                  collapsable={undefined}
                  style={
                    Object {
                      "alignItems": "center",
                      "alignSelf": "center",
                      "height": "100%",
                      "justifyContent": "center",
                      "minWidth": 30,
                      "opacity": 0,
                      "position": "absolute",
                      "width": "100%",
                    }
                  }
                />
                <View
                  collapsable={undefined}
                  style={
                    Object {
                      "alignItems": "center",
                      "alignSelf": "center",
                      "height": "100%",
                      "justifyContent": "center",
                      "minWidth": 30,
                      "opacity": 1,
                      "position": "absolute",
                      "width": "100%",
                    }
                  }
                />
              </View>
              <Text
                accessible={true}
                allowFontScaling={true}
                collapsable={undefined}
                ellipsizeMode="tail"
                numberOfLines={1}
                style={
                  Object {
                    "backgroundColor": "transparent",
                    "color": "rgba(146, 146, 146, 1)",
                    "fontFamily": "montserrat",
                    "fontSize": 13,
                    "marginBottom": 1.5,
                    "textAlign": "center",
                  }
                }
              >
                Abuja
              </Text>
            </View>
          </View>
          <View
            accessibilityComponentType={undefined}
            accessibilityLabel={undefined}
            accessibilityTraits={undefined}
            accessible={true}
            collapsable={undefined}
            hitSlop={undefined}
            nativeID={undefined}
            onLayout={undefined}
            onResponderGrant={[Function]}
            onResponderMove={[Function]}
            onResponderRelease={[Function]}
            onResponderTerminate={[Function]}
            onResponderTerminationRequest={[Function]}
            onStartShouldSetResponder={[Function]}
            style={
              Object {
                "alignItems": "center",
                "backgroundColor": "rgba(0, 0, 0, 0)",
                "flex": 1,
              }
            }
            testID={undefined}
          >
            <View
              style={
                Array [
                  Object {
                    "alignItems": "center",
                    "flex": 1,
                  },
                  Object {
                    "flexDirection": "column",
                    "justifyContent": "flex-end",
                  },
                  Object {
                    "justifyContent": "center",
                    "margin": 0,
                  },
                ]
              }
            >
              <View
                style={
                  Array [
                    Object {
                      "height": 29,
                    },
                    false,
                    Object {
                      "flex": 1,
                    },
                  ]
                }
              >
                <View
                  collapsable={undefined}
                  style={
                    Object {
                      "alignItems": "center",
                      "alignSelf": "center",
                      "height": "100%",
                      "justifyContent": "center",
                      "minWidth": 30,
                      "opacity": 0,
                      "position": "absolute",
                      "width": "100%",
                    }
                  }
                />
                <View
                  collapsable={undefined}
                  style={
                    Object {
                      "alignItems": "center",
                      "alignSelf": "center",
                      "height": "100%",
                      "justifyContent": "center",
                      "minWidth": 30,
                      "opacity": 1,
                      "position": "absolute",
                      "width": "100%",
                    }
                  }
                />
              </View>
              <Text
                accessible={true}
                allowFontScaling={true}
                collapsable={undefined}
                ellipsizeMode="tail"
                numberOfLines={1}
                style={
                  Object {
                    "backgroundColor": "transparent",
                    "color": "rgba(146, 146, 146, 1)",
                    "fontFamily": "montserrat",
                    "fontSize": 13,
                    "marginBottom": 1.5,
                    "textAlign": "center",
                  }
                }
              >
                Portharcourt
              </Text>
            </View>
          </View>
        </View>
      </View>
    </View>
  </View>
</View>
`;
