// Jest Snapshot v1, https://goo.gl/fbAQLP

exports[`<Whoops /> renders the Whoops component correctly 1`] = `
<Text
  accessible={true}
  allowFontScaling={true}
  ellipsizeMode="tail"
  style={
    Object {
      "color": "red",
      "fontFamily": "OpenSans-SemiBold",
    }
  }
>
  An error occured
</Text>
`;
